============================= test session starts =============================
platform win32 -- Python 3.11.9, pytest-9.0.2, pluggy-1.6.0
rootdir: C:\Users\tomik\Documents\PlatformIO\Projects\betting_ml_mk1\betting_ml_mk1
plugins: anyio-4.12.1
collected 4 items

tests\test_feature_engineer_per_minute.py ...F                           [100%]

================================== FAILURES ===================================
______________ TestFeatureEngineerPerMinute.test_dvp_per_minute _______________

self = <test_feature_engineer_per_minute.TestFeatureEngineerPerMinute object at 0x00000282EF25A1D0>
fe = <feature_engineer.FeatureEngineer object at 0x00000282ED656110>
sample_df =    PLAYER_ID  GAME_DATE   MIN  ...  TEAM_ID  TEAM_ABBREVIATION  OPP_TEAM_ABBREVIATION
0          1 2023-01-01  20.0  ....       BOS
2          2 2023-01-01  10.0  ...      102                TOR                    LAL

[3 rows x 14 columns]

    def test_dvp_per_minute(self, fe, sample_df):
        # Mock position data
        pos_df = pd.DataFrame({
            'PLAYER_ID': [1, 2],
            'SEASON_YEAR': [2023, 2023],
            'POSITION_SIMPLE': ['G', 'F']
        })
    
        # Add derived cols
        sample_df['OPP_TEAM_ABBREVIATION'] = ['TOR', 'BOS', 'LAL']
    
        # Run calculation
        df = fe.calculate_dvp(sample_df, pos_df)
    
        # Check if columns exist
        assert 'ROLL_def_PTS_PER_MIN' in df.columns
        assert 'ROLL_def_REB_PER_MIN' in df.columns
    
        # Verify values?
        # It's complex to mock the exact rolling agg in a unit test without large setup.
        # But we can check that it didn't crash and produced numbers.
>       assert not df['ROLL_def_PTS_PER_MIN'].isna().all()
E       assert not True
E        +  where True = all()
E        +    where all = 0    True\n1    True\n2    True\nName: ROLL_def_PTS_PER_MIN, dtype: bool.all
E        +      where 0    True\n1    True\n2    True\nName: ROLL_def_PTS_PER_MIN, dtype: bool = isna()
E        +        where isna = 0   NaN\n1   NaN\n2   NaN\nName: ROLL_def_PTS_PER_MIN, dtype: float64.isna

tests\test_feature_engineer_per_minute.py:124: AssertionError
---------------------------- Captured stdout call -----------------------------
Calculating Defense vs. Position (DvP)...
DvP Features Added (including Per-Minute).
=========================== short test summary info ===========================
FAILED tests/test_feature_engineer_per_minute.py::TestFeatureEngineerPerMinute::test_dvp_per_minute
========================= 1 failed, 3 passed in 1.88s =========================
