============================= test session starts =============================
platform win32 -- Python 3.11.9, pytest-9.0.2, pluggy-1.6.0 -- C:\Users\tomik\AppData\Local\Microsoft\WindowsApps\PythonSoftwareFoundation.Python.3.11_qbz5n2kfra8p0\python.exe
cachedir: .pytest_cache
rootdir: C:\Users\tomik\Documents\PlatformIO\Projects\betting_ml_mk1\betting_ml_mk1
plugins: anyio-4.12.1
collecting ... collected 4 items

tests/test_injury_backtest.py::test_injury_context_classification PASSED [ 25%]
tests/test_injury_backtest.py::test_opportunity_validation_logic PASSED  [ 50%]
tests/test_injury_backtest.py::test_with_without_accuracy PASSED         [ 75%]
tests/test_injury_backtest.py::test_run_injury_scenario_backtest_flow PASSED [100%]

============================== warnings summary ===============================
tests/test_injury_backtest.py::test_opportunity_validation_logic
  C:\Users\tomik\Documents\PlatformIO\Projects\betting_ml_mk1\betting_ml_mk1\src\backtest.py:350: FutureWarning: The default of observed=False is deprecated and will be changed to True in a future version of pandas. Pass observed=False to retain current behavior or observed=True to adopt the future default and silence this warning.
    quartile_stats = subset.groupby('Quartile')['ACTUAL_BOOST'].agg(['mean', 'count', 'std'])

-- Docs: https://docs.pytest.org/en/stable/how-to/capture-warnings.html
======================== 4 passed, 1 warning in 3.94s =========================
